npm error Missing script: "typecheck"
npm error
npm error To see a list of scripts, run:
npm error   npm run
npm error A complete log of this run can be found in: C:\Users\MONSTER\AppData\Local\npm-cache\_logs\2026-03-25T00_01_15_044Z-debug-0.log
